AnonymousInAnonymous.java:36:22: compiler.warn.potential.lambda.found
1 warning
